<!DOCTYPE html>
<html>
  <body>
    <div class="wrapper">
      <div class="mb-24">
        <h1 class="invoice-title">
          Invoice
        </h1>
      </div>
      <div class="mb-24 overflow-auto">
        <div class="invoice-information-column">
          <table class="invoice-information-table">
            <tr>
              <td class="body-1">
                Invoice Number
              </td>
              <td class="body-2">
                LAGO-202509-003
              </td>
            </tr>
            <tr>
              <td class="body-1">
                Issue Date
              </td>
              <td class="body-2">
                Sep 04, 2025
              </td>
            </tr>
            <tr>
              <td class="body-1">
                Payment term
              </td>
              <td class="body-2">
                0 days
              </td>
            </tr>
          </table>
        </div>
        <div class="invoice-information-column">
          <table class="invoice-information-table">
          </table>
        </div>
      </div>
      <div class="mb-24 overflow-auto">
        <div class="billing-information-column">
          <div class="body-1">
            From
          </div>
          <div class="body-2">ACME Corporation
          </div>
          <div class="body-2">
            123 Business St
          </div>
          <div class="body-2">
            Suite 100
          </div>
          <div class="body-2">
            <span>94105</span>
            <span>, &nbsp;</span>
            <span>San Francisco</span>
          </div>
          <div class="body-2">
            CA
          </div>
          <div class="body-2">
            United States
          </div>
          <div class="body-2">
            billing@acme.com
          </div>
        </div>
        <div class="billing-information-column">
          <div class="body-1">
            Bill to
          </div>
          <div class="body-2">
            Doe Corp - John Doe
          </div>
          <div class="body-2">
            1234567890
          </div>
          <div class="body-2">
            <span class="address-line1">456 Customer Ave</span>
            <br>
            <span class="address-line2">Apt 202</span>
            <br>
            <span class="locality">New York</span>
            , <span class="administrative-area">NY</span>
            <span class="postal-code">10001</span>
            <br>
            <span class="country">United States</span>
          </div>
          <div class="body-2">
            john.doe@example.com
          </div>
        </div>
      </div>
      <div class="mb-24">
        <h2 class="title-2 mb-4">
          $50.00
        </h2>
        <div class="body-1">
          Due Sep 04, 2025
        </div>
      </div>
      <div class="invoice-resume mb-24 overflow-auto">
        <div class="invoice-resume overflow-auto">
          <table class="invoice-resume-table" width="100%">
            <tr class="first_child">
              <td class="body-2">Fees from Aug 01, 2025 to Aug 31, 2025</td>
              <td class="body-2">Units</td>
              <td class="body-2">Unit price</td>
              <td class="body-2">Tax rate</td>
              <td class="body-2">Amount</td>
            </tr>
            <tr class="fee">
              <td class="body-1">Yearly subscription - Annual Plan</td>
              <td class="body-2">1</td>
              <td class="body-2">€999.00</td>
              <td class="body-2">
                <div>0.0%</div>
              </td>
              <td class="body-2">€999.00</td>
            </tr>
          </table>
        </div>
        <div class="invoice-resume overflow-auto">
          <table class="invoice-resume-table" width="100%">
            <tr class="first_child">
              <td class="body-2">Fees from Sep 01, 2025 to Sep 30, 2025</td>
              <td class="body-2">Units</td>
              <td class="body-2">Unit price</td>
              <td class="body-2">Tax rate</td>
              <td class="body-2">Amount</td>
            </tr>
            <tr class="fee">
              <td>
                <div class="body-1">Monthly Fixed Charge</div>
              </td>
              <td class="body-2">1</td>
              <td class="body-2">$100.00</td>
              <td class="body-2">
                <div>0.0%</div>
              </td>
              <td class="body-2">$100.00</td>
            </tr>
          </table>
        </div>
        <div class="invoice-resume overflow-auto">
          <table class="total-table" width="100%">
            <tr>
              <td class="body-2"></td>
              <td class="body-2">Subtotal (excl. tax)</td>
              <td class="body-2">$50.00</td>
            </tr>
            <tr>
              <td class="body-2"></td>
              <td class="body-2">Tax (0%)</td>
              <td class="body-2">$0.00</td>
            </tr>
            <tr>
              <td class="body-2"></td>
              <td class="body-2">Subtotal (incl. tax)</td>
              <td class="body-2">$50.00</td>
            </tr>
            <tr>
              <td class="body-2"></td>
              <td class="body-1">Total</td>
              <td class="body-1">$50.00</td>
            </tr>
          </table>
        </div>
      </div>
      <p class="body-3 mb-24">
      </p>
      <div class="powered-by">
        <span class="body-2">Powered by &nbsp;</span>
        <img alt="Lago Logo" src="lago-logo-invoice.png" />
      </div>
    </div>
  </body>
</html>