<!DOCTYPE html>
<html>
  <body>
    <div class="wrapper">
      <div class="mb-24">
        <h1 class="invoice-title">
          Invoice
        </h1>
      </div>
      <div class="mb-24 overflow-auto">
        <div class="invoice-information-column">
          <table class="invoice-information-table">
            <tr>
              <td class="body-1">
                Invoice Number
              </td>
              <td class="body-2">
                LAGO-202509-001
              </td>
            </tr>
            <tr>
              <td class="body-1">
                Issue Date
              </td>
              <td class="body-2">
                Sep 04, 2025
              </td>
            </tr>
            <tr>
              <td class="body-1">
                Payment term
              </td>
              <td class="body-2">
                0 days
              </td>
            </tr>
          </table>
        </div>
        <div class="invoice-information-column">
          <table class="invoice-information-table">
          </table>
        </div>
      </div>
      <div class="mb-24 overflow-auto">
        <div class="billing-information-column">
          <div class="body-1">
            From
          </div>
          <div class="body-2">ACME Corporation
          </div>
          <div class="body-2">
            123 Business St
          </div>
          <div class="body-2">
            Suite 100
          </div>
          <div class="body-2">
            <span>94105</span>
            <span>, &nbsp;</span>
            <span>San Francisco</span>
          </div>
          <div class="body-2">
            CA
          </div>
          <div class="body-2">
            United States
          </div>
          <div class="body-2">
            billing@acme.com
          </div>
        </div>
        <div class="billing-information-column">
          <div class="body-1">
            Bill to
          </div>
          <div class="body-2">
            Doe Corp - John Doe
          </div>
          <div class="body-2">
            1234567890
          </div>
          <div class="body-2">
            <span class="address-line1">456 Customer Ave</span>
            <br>
            <span class="address-line2">Apt 202</span>
            <br>
            <span class="locality">New York</span>
            , <span class="administrative-area">NY</span>
            <span class="postal-code">10001</span>
            <br>
            <span class="country">United States</span>
          </div>
          <div class="body-2">
            john.doe@example.com
          </div>
        </div>
      </div>
      <div class="mb-24">
        <h2 class="title-2 mb-4">
          $50.00
        </h2>
        <div class="body-1">
          Due Sep 04, 2025
        </div>
      </div>
      <div class="invoice-resume mb-24 overflow-auto">
        <div class="invoice-resume overflow-auto">
          <table class="invoice-resume-table" width="100%">
            <tr class="fixed-charge-name fee">
              <td class="body-1">Graduated Fixed Charge</td>
              <td class="body-2"></td>
              <td class="body-2"></td>
              <td class="body-2"></td>
              <td class="body-2"></td>
            </tr>
            <tr class="details">
              <td class="body-2">Fee per unit for the first 10</td>
              <td class="body-2">10.0</td>
              <td class="body-2">$5.00</td>
              <td class="body-2">
                <div>0.0%</div>
              </td>
              <td class="body-2">$50.00</td>
            </tr>
            <tr class="details">
              <td class="body-2">Fee per unit for 11 and above</td>
              <td class="body-2">5.0</td>
              <td class="body-2">$1.00</td>
              <td class="body-2">
                <div>0.0%</div>
              </td>
              <td class="body-2">$5.00</td>
            </tr>
            <tr class="details">
              <td class="body-2">Flat fee for first 10</td>
              <td class="body-2">1</td>
              <td class="body-2">$200.00</td>
              <td class="body-2">
                <div>0.0%</div>
              </td>
              <td class="body-2">$200.00</td>
            </tr>
            <tr class="details">
              <td class="body-2">Flat fee for 11 and above</td>
              <td class="body-2">1</td>
              <td class="body-2">$300.00</td>
              <td class="body-2">
                <div>0.0%</div>
              </td>
              <td class="body-2">$300.00</td>
            </tr>
            <tr class="details subtotal">
              <td class="body-2">Subtotal</td>
              <td class="body-2"></td>
              <td class="body-2"></td>
              <td class="body-2"></td>
              <td class="body-2">$555.00</td>
            </tr>
            <tr class="fixed-charge-name fee">
              <td class="body-1">Prorated Graduated Fixed Charge
                <div class="body-3">The fee is prorated on days of usage, the displayed unit price is an average</div>
              </td>
              <td class="body-2"></td>
              <td class="body-2"></td>
              <td class="body-2"></td>
              <td class="body-2"></td>
            </tr>
            <tr class="details">
              <td class="body-2">Fee per unit for the first 10</td>
              <td class="body-2">10.0</td>
              <td class="body-2">$3.00</td>
              <td class="body-2">
                <div>0.0%</div>
              </td>
              <td class="body-2">$30.00</td>
            </tr>
            <tr class="details">
              <td class="body-2">Fee per unit for 11 and above</td>
              <td class="body-2">2.0</td>
              <td class="body-2">$0.50</td>
              <td class="body-2">
                <div>0.0%</div>
              </td>
              <td class="body-2">$1.00</td>
            </tr>
            <tr class="details">
              <td class="body-2">Flat fee for first 10</td>
              <td class="body-2">1</td>
              <td class="body-2">$100.00</td>
              <td class="body-2">
                <div>0.0%</div>
              </td>
              <td class="body-2">$100.00</td>
            </tr>
            <tr class="details">
              <td class="body-2">Flat fee for 11 and above</td>
              <td class="body-2">1</td>
              <td class="body-2">$150.00</td>
              <td class="body-2">
                <div>0.0%</div>
              </td>
              <td class="body-2">$150.00</td>
            </tr>
            <tr class="details subtotal">
              <td class="body-2">Subtotal</td>
              <td class="body-2"></td>
              <td class="body-2"></td>
              <td class="body-2"></td>
              <td class="body-2">$281.00</td>
            </tr>
            <tr class="fee">
              <td>
                <div class="body-1">Prorated Setup Fee</div>
                <div class="body-3">The fee is prorated on days of usage, the displayed unit price is an average</div>
              </td>
              <td class="body-2">0.5</td>
              <td class="body-2">$100.00</td>
              <td class="body-2">
                <div>0.0%</div>
              </td>
              <td class="body-2">$50.00</td>
            </tr>
            <tr class="fixed-charge-name fee">
              <td class="body-1">Prorated Volume Fixed Charge
                <div class="body-3">The fee is prorated on days of usage, the displayed unit price is an average</div>
              </td>
              <td class="body-2"></td>
              <td class="body-2"></td>
              <td class="body-2"></td>
              <td class="body-2"></td>
            </tr>
            <tr class="details">
              <td class="body-2">Fee per unit</td>
              <td class="body-2">30</td>
              <td class="body-2">$3.00</td>
              <td class="body-2">
                <div>0.0%</div>
              </td>
              <td class="body-2">$90.00</td>
            </tr>
            <tr class="details">
              <td class="body-2">Flat fee for all units</td>
              <td class="body-2">1</td>
              <td class="body-2">$2.00</td>
              <td class="body-2">
                <div>0.0%</div>
              </td>
              <td class="body-2">$2.00</td>
            </tr>
            <tr class="details subtotal">
              <td class="body-2">Subtotal</td>
              <td class="body-2"></td>
              <td class="body-2"></td>
              <td class="body-2"></td>
              <td class="body-2">$92.00</td>
            </tr>
            <tr class="fee">
              <td>
                <div class="body-1">Setup Fee</div>
              </td>
              <td class="body-2">2</td>
              <td class="body-2">$25.00</td>
              <td class="body-2">
                <div>0.0%</div>
              </td>
              <td class="body-2">$50.00</td>
            </tr>
            <tr class="fixed-charge-name fee">
              <td class="body-1">Volume Fixed Charge</td>
              <td class="body-2"></td>
              <td class="body-2"></td>
              <td class="body-2"></td>
              <td class="body-2"></td>
            </tr>
            <tr class="details">
              <td class="body-2">Fee per unit</td>
              <td class="body-2">75</td>
              <td class="body-2">$2.00</td>
              <td class="body-2">
                <div>0.0%</div>
              </td>
              <td class="body-2">$150.00</td>
            </tr>
            <tr class="details">
              <td class="body-2">Flat fee for all units</td>
              <td class="body-2">1</td>
              <td class="body-2">$1.00</td>
              <td class="body-2">
                <div>0.0%</div>
              </td>
              <td class="body-2">$1.00</td>
            </tr>
            <tr class="details subtotal">
              <td class="body-2">Subtotal</td>
              <td class="body-2"></td>
              <td class="body-2"></td>
              <td class="body-2"></td>
              <td class="body-2">$151.00</td>
            </tr>
          </table>
        </div>
        <div class="invoice-resume overflow-auto">
          <table class="total-table" width="100%">
            <tr>
              <td class="body-2"></td>
              <td class="body-2">Subtotal (excl. tax)</td>
              <td class="body-2">$50.00</td>
            </tr>
            <tr>
              <td class="body-2"></td>
              <td class="body-2">Tax (0%)</td>
              <td class="body-2">$0.00</td>
            </tr>
            <tr>
              <td class="body-2"></td>
              <td class="body-2">Subtotal (incl. tax)</td>
              <td class="body-2">$50.00</td>
            </tr>
            <tr>
              <td class="body-2"></td>
              <td class="body-1">Total</td>
              <td class="body-1">$50.00</td>
            </tr>
          </table>
        </div>
      </div>
      <p class="body-3 mb-24">
      </p>
      <div class="powered-by">
        <span class="body-2">Powered by &nbsp;</span>
        <img alt="Lago Logo" src="lago-logo-invoice.png" />
      </div>
    </div>
  </body>
</html>